I'm sorry, but errors were detected in your script. Please correct the
errors listed below, and try again.


File "game/rpycodes/script_1_1.rpy", line 1307: is not terminated with a newline. (Check strings and parenthesis.)
(Perhaps you left out a " at the end of the first line.)
        "不管怎么样，先把初咲带回家才是当务之急。

Ren'Py Version: Ren'Py 8.0.3.22090809
Wed Oct 26 13:08:29 2022
